Microsoft (R) Build Engine, versión 4.8.9032.0
[Microsoft .NET Framework, versión 4.0.30319.42000]
Copyright (C) Microsoft Corporation. Todos los derechos reservados.

Compilación iniciada a las 27/02/2026 11:13:23 p. m..
     1>Proyecto "C:\sw\XM62022\00proj.vc7\XM6.sln" en nodo 1 (destinos predeterminados).
     1>ValidateSolutionConfiguration:
         Compilando la configuración de soluciones "Debug|Win32".
     1>El proyecto "C:\sw\XM62022\00proj.vc7\XM6.sln" (1) está compilando "C:\sw\XM62022\00proj.vc7\star.vcxproj" (3) en el nodo 2 (destinos predeterminados).
     3>InitializeBuildStatus:
         Se creará "StarDebug\star.unsuccessfulbuild" porque se especificó "AlwaysCreate".
       ClCompile:
         Todas las salidas están actualizadas.
     3>C:\Program Files (x86)\MSBuild\Microsoft.Cpp\v4.0\V110\Microsoft.CppBuild.targets(1137,5): warning MSB8012: TargetPath(C:\sw\XM62022\00proj.vc7\StarDebug\star.exe) does not match the Linker's OutputFile property value (C:\sw\XM62022\cpu\star.exe). This may cause your project to build incorrectly. To correct this, please make sure that $(OutDir), $(TargetName) and $(TargetExt) property values match the value specified in %(Link.OutputFile). [C:\sw\XM62022\00proj.vc7\star.vcxproj]
       Link:
         Todas las salidas están actualizadas.
         star.vcxproj -> C:\sw\XM62022\00proj.vc7\StarDebug\star.exe
       FinalizeBuildStatus:
         Se eliminará el archivo "StarDebug\star.unsuccessfulbuild".
         Aplicando tarea Touch a "StarDebug\star.lastbuildstate".
     3>Compilación del proyecto terminada "C:\sw\XM62022\00proj.vc7\star.vcxproj" (destinos predeterminados).
     1>El proyecto "C:\sw\XM62022\00proj.vc7\XM6.sln" (1) está compilando "C:\sw\XM62022\00proj.vc7\XM6.vcxproj" (2) en el nodo 1 (destinos predeterminados).
     2>InitializeBuildStatus:
         Aplicando tarea Touch a "Debug\XM6.unsuccessfulbuild".
       CustomBuild:
         Todas las salidas están actualizadas.
       ClCompile:
         C:\Program Files (x86)\Microsoft Visual Studio 11.0\VC\bin\CL.exe /c /I../mfc /I../vm /Zi /nologo /W4 /WX- /MP /Ox /Oi /Ot /Oy /GT /GL /D WIN32 /D _WINDOWS /D _CRT_SECURE_NO_WARNINGS /D _DEBUG /D _MBCS /D _AFXDLL /Gm- /EHsc /MDd /GS /arch:SSE2 /fp:precise /Zc:wchar_t /Zc:forScope /Fo"Debug\\" /Fd"Debug\vc110.pdb" /Gd /TP /analyze- /errorReport:queue ..\mfc\mfc_cmd.cpp ..\mfc\mfc_cpu.cpp ..\mfc\mfc_dev.cpp ..\mfc\mfc_draw.cpp ..\mfc\mfc_dx9.cpp ..\mfc\mfc_frm.cpp ..\mfc\mfc_sch.cpp ..\mfc\mfc_stat.cpp ..\mfc\mfc_sub.cpp ..\mfc\mfc_sys.cpp ..\mfc\mfc_ver.cpp ..\mfc\mfc_w32.cpp
         mfc_cmd.cpp
         mfc_cpu.cpp
         mfc_dev.cpp
         mfc_draw.cpp
         mfc_dx9.cpp
         mfc_frm.cpp
         mfc_sch.cpp
         mfc_stat.cpp
         mfc_sub.cpp
         mfc_sys.cpp
         mfc_ver.cpp
         mfc_w32.cpp
     2>..\mfc\mfc_dx9.cpp(648): error C2065: 'LPD3DXBUFFER' : undeclared identifier [C:\sw\XM62022\00proj.vc7\XM6.vcxproj]
     2>..\mfc\mfc_dx9.cpp(648): error C2146: syntax error : missing ';' before identifier 'pCode' [C:\sw\XM62022\00proj.vc7\XM6.vcxproj]
     2>..\mfc\mfc_dx9.cpp(648): error C2065: 'pCode' : undeclared identifier [C:\sw\XM62022\00proj.vc7\XM6.vcxproj]
     2>..\mfc\mfc_dx9.cpp(649): error C2065: 'LPD3DXBUFFER' : undeclared identifier [C:\sw\XM62022\00proj.vc7\XM6.vcxproj]
     2>..\mfc\mfc_dx9.cpp(649): error C2146: syntax error : missing ';' before identifier 'pErrors' [C:\sw\XM62022\00proj.vc7\XM6.vcxproj]
     2>..\mfc\mfc_dx9.cpp(649): error C2065: 'pErrors' : undeclared identifier [C:\sw\XM62022\00proj.vc7\XM6.vcxproj]
     2>..\mfc\mfc_dx9.cpp(658): error C2065: 'pCode' : undeclared identifier [C:\sw\XM62022\00proj.vc7\XM6.vcxproj]
     2>..\mfc\mfc_dx9.cpp(659): error C2065: 'pErrors' : undeclared identifier [C:\sw\XM62022\00proj.vc7\XM6.vcxproj]
     2>..\mfc\mfc_dx9.cpp(651): error C3861: 'D3DXCompileShaderFromFile': identifier not found [C:\sw\XM62022\00proj.vc7\XM6.vcxproj]
     2>..\mfc\mfc_dx9.cpp(664): error C2065: 'pErrors' : undeclared identifier [C:\sw\XM62022\00proj.vc7\XM6.vcxproj]
     2>..\mfc\mfc_dx9.cpp(666): error C2065: 'pErrors' : undeclared identifier [C:\sw\XM62022\00proj.vc7\XM6.vcxproj]
     2>..\mfc\mfc_dx9.cpp(666): error C2227: left of '->GetBufferPointer' must point to class/struct/union/generic type [C:\sw\XM62022\00proj.vc7\XM6.vcxproj]
                 type is ''unknown-type''
     2>..\mfc\mfc_dx9.cpp(669): error C2065: 'pErrors' : undeclared identifier [C:\sw\XM62022\00proj.vc7\XM6.vcxproj]
     2>..\mfc\mfc_dx9.cpp(669): error C2227: left of '->Release' must point to class/struct/union/generic type [C:\sw\XM62022\00proj.vc7\XM6.vcxproj]
                 type is ''unknown-type''
     2>..\mfc\mfc_dx9.cpp(675): error C2065: 'pCode' : undeclared identifier [C:\sw\XM62022\00proj.vc7\XM6.vcxproj]
     2>..\mfc\mfc_dx9.cpp(675): error C2227: left of '->GetBufferPointer' must point to class/struct/union/generic type [C:\sw\XM62022\00proj.vc7\XM6.vcxproj]
                 type is ''unknown-type''
     2>..\mfc\mfc_dx9.cpp(676): error C2065: 'pCode' : undeclared identifier [C:\sw\XM62022\00proj.vc7\XM6.vcxproj]
     2>..\mfc\mfc_dx9.cpp(676): error C2227: left of '->Release' must point to class/struct/union/generic type [C:\sw\XM62022\00proj.vc7\XM6.vcxproj]
                 type is ''unknown-type''
     2>..\mfc\mfc_draw.cpp(1133): error C2248: 'CDX9Renderer::CreateCRTShader' : cannot access private member declared in class 'CDX9Renderer' [C:\sw\XM62022\00proj.vc7\XM6.vcxproj]
                 c:\sw\xm62022\mfc\mfc_dx9.h(50) : see declaration of 'CDX9Renderer::CreateCRTShader'
                 c:\sw\xm62022\mfc\mfc_dx9.h(7) : see declaration of 'CDX9Renderer'
     2>Compilación del proyecto terminada "C:\sw\XM62022\00proj.vc7\XM6.vcxproj" (destinos predeterminados) -- ERROR.
     1>Compilación del proyecto terminada "C:\sw\XM62022\00proj.vc7\XM6.sln" (destinos predeterminados) -- ERROR.

ERROR al compilar.

       "C:\sw\XM62022\00proj.vc7\XM6.sln" (destino predeterminado) (1) ->
       "C:\sw\XM62022\00proj.vc7\star.vcxproj" (destino predeterminado) (3) ->
       (DoLinkOutputFilesMatch destino) -> 
         C:\Program Files (x86)\MSBuild\Microsoft.Cpp\v4.0\V110\Microsoft.CppBuild.targets(1137,5): warning MSB8012: TargetPath(C:\sw\XM62022\00proj.vc7\StarDebug\star.exe) does not match the Linker's OutputFile property value (C:\sw\XM62022\cpu\star.exe). This may cause your project to build incorrectly. To correct this, please make sure that $(OutDir), $(TargetName) and $(TargetExt) property values match the value specified in %(Link.OutputFile). [C:\sw\XM62022\00proj.vc7\star.vcxproj]


       "C:\sw\XM62022\00proj.vc7\XM6.sln" (destino predeterminado) (1) ->
       "C:\sw\XM62022\00proj.vc7\XM6.vcxproj" (destino predeterminado) (2) ->
       (ClCompile destino) -> 
         ..\mfc\mfc_dx9.cpp(648): error C2065: 'LPD3DXBUFFER' : undeclared identifier [C:\sw\XM62022\00proj.vc7\XM6.vcxproj]
         ..\mfc\mfc_dx9.cpp(648): error C2146: syntax error : missing ';' before identifier 'pCode' [C:\sw\XM62022\00proj.vc7\XM6.vcxproj]
         ..\mfc\mfc_dx9.cpp(648): error C2065: 'pCode' : undeclared identifier [C:\sw\XM62022\00proj.vc7\XM6.vcxproj]
         ..\mfc\mfc_dx9.cpp(649): error C2065: 'LPD3DXBUFFER' : undeclared identifier [C:\sw\XM62022\00proj.vc7\XM6.vcxproj]
         ..\mfc\mfc_dx9.cpp(649): error C2146: syntax error : missing ';' before identifier 'pErrors' [C:\sw\XM62022\00proj.vc7\XM6.vcxproj]
         ..\mfc\mfc_dx9.cpp(649): error C2065: 'pErrors' : undeclared identifier [C:\sw\XM62022\00proj.vc7\XM6.vcxproj]
         ..\mfc\mfc_dx9.cpp(658): error C2065: 'pCode' : undeclared identifier [C:\sw\XM62022\00proj.vc7\XM6.vcxproj]
         ..\mfc\mfc_dx9.cpp(659): error C2065: 'pErrors' : undeclared identifier [C:\sw\XM62022\00proj.vc7\XM6.vcxproj]
         ..\mfc\mfc_dx9.cpp(651): error C3861: 'D3DXCompileShaderFromFile': identifier not found [C:\sw\XM62022\00proj.vc7\XM6.vcxproj]
         ..\mfc\mfc_dx9.cpp(664): error C2065: 'pErrors' : undeclared identifier [C:\sw\XM62022\00proj.vc7\XM6.vcxproj]
         ..\mfc\mfc_dx9.cpp(666): error C2065: 'pErrors' : undeclared identifier [C:\sw\XM62022\00proj.vc7\XM6.vcxproj]
         ..\mfc\mfc_dx9.cpp(666): error C2227: left of '->GetBufferPointer' must point to class/struct/union/generic type [C:\sw\XM62022\00proj.vc7\XM6.vcxproj]
         ..\mfc\mfc_dx9.cpp(669): error C2065: 'pErrors' : undeclared identifier [C:\sw\XM62022\00proj.vc7\XM6.vcxproj]
         ..\mfc\mfc_dx9.cpp(669): error C2227: left of '->Release' must point to class/struct/union/generic type [C:\sw\XM62022\00proj.vc7\XM6.vcxproj]
         ..\mfc\mfc_dx9.cpp(675): error C2065: 'pCode' : undeclared identifier [C:\sw\XM62022\00proj.vc7\XM6.vcxproj]
         ..\mfc\mfc_dx9.cpp(675): error C2227: left of '->GetBufferPointer' must point to class/struct/union/generic type [C:\sw\XM62022\00proj.vc7\XM6.vcxproj]
         ..\mfc\mfc_dx9.cpp(676): error C2065: 'pCode' : undeclared identifier [C:\sw\XM62022\00proj.vc7\XM6.vcxproj]
         ..\mfc\mfc_dx9.cpp(676): error C2227: left of '->Release' must point to class/struct/union/generic type [C:\sw\XM62022\00proj.vc7\XM6.vcxproj]
         ..\mfc\mfc_draw.cpp(1133): error C2248: 'CDX9Renderer::CreateCRTShader' : cannot access private member declared in class 'CDX9Renderer' [C:\sw\XM62022\00proj.vc7\XM6.vcxproj]

    1 Advertencia(s)
    19 Errores

Tiempo transcurrido 00:00:03.21
