c:\sw\xm62022\vm\schedule.h(24): error C2371: 's68000iocycle' : redefinition; different basic types (..\vm\gvram.cpp) [c:\sw\XM62022\00proj.vc7\XM6.vcxproj]
c:\sw\xm62022\vm\cpu.h(25): error C2556: 'DWORD s68000getcounter(void)' : overloaded function differs only by return type from 'unsigned int s68000getcounter(void)' (..\vm\gvram.cpp) [c:\sw\XM62022\00proj.vc7\XM6.vcxproj]
c:\sw\xm62022\vm\cpu.h(25): error C2371: 's68000getcounter' : redefinition; different basic types (..\vm\gvram.cpp) [c:\sw\XM62022\00proj.vc7\XM6.vcxproj]
c:\sw\xm62022\vm\cpu.h(27): error C2733: 's68000setcounter' : second C linkage of overloaded function not allowed (..\vm\gvram.cpp) [c:\sw\XM62022\00proj.vc7\XM6.vcxproj]
c:\sw\xm62022\vm\schedule.h(24): error C2371: 's68000iocycle' : redefinition; different basic types (..\vm\areaset.cpp) [c:\sw\XM62022\00proj.vc7\XM6.vcxproj]
c:\sw\xm62022\vm\schedule.h(24): error C2371: 's68000iocycle' : redefinition; different basic types (..\vm\fdd.cpp) [c:\sw\XM62022\00proj.vc7\XM6.vcxproj]
c:\sw\xm62022\vm\cpu.h(25): error C2556: 'DWORD s68000getcounter(void)' : overloaded function differs only by return type from 'unsigned int s68000getcounter(void)' (..\vm\areaset.cpp) [c:\sw\XM62022\00proj.vc7\XM6.vcxproj]
c:\sw\xm62022\vm\schedule.h(24): error C2371: 's68000iocycle' : redefinition; different basic types (..\vm\device.cpp) [c:\sw\XM62022\00proj.vc7\XM6.vcxproj]
c:\sw\xm62022\vm\cpu.h(25): error C2371: 's68000getcounter' : redefinition; different basic types (..\vm\areaset.cpp) [c:\sw\XM62022\00proj.vc7\XM6.vcxproj]
c:\sw\xm62022\vm\schedule.h(24): error C2371: 's68000iocycle' : redefinition; different basic types (..\vm\crtc.cpp) [c:\sw\XM62022\00proj.vc7\XM6.vcxproj]
c:\sw\xm62022\vm\cpu.h(25): error C2556: 'DWORD s68000getcounter(void)' : overloaded function differs only by return type from 'unsigned int s68000getcounter(void)' (..\vm\fdd.cpp) [c:\sw\XM62022\00proj.vc7\XM6.vcxproj]
c:\sw\xm62022\vm\cpu.h(27): error C2733: 's68000setcounter' : second C linkage of overloaded function not allowed (..\vm\areaset.cpp) [c:\sw\XM62022\00proj.vc7\XM6.vcxproj]
c:\sw\xm62022\vm\cpu.h(25): error C2371: 's68000getcounter' : redefinition; different basic types (..\vm\fdd.cpp) [c:\sw\XM62022\00proj.vc7\XM6.vcxproj]
c:\sw\xm62022\vm\cpu.h(25): error C2556: 'DWORD s68000getcounter(void)' : overloaded function differs only by return type from 'unsigned int s68000getcounter(void)' (..\vm\device.cpp) [c:\sw\XM62022\00proj.vc7\XM6.vcxproj]
c:\sw\xm62022\vm\cpu.h(25): error C2556: 'DWORD s68000getcounter(void)' : overloaded function differs only by return type from 'unsigned int s68000getcounter(void)' (..\vm\crtc.cpp) [c:\sw\XM62022\00proj.vc7\XM6.vcxproj]
c:\sw\xm62022\vm\cpu.h(27): error C2733: 's68000setcounter' : second C linkage of overloaded function not allowed (..\vm\fdd.cpp) [c:\sw\XM62022\00proj.vc7\XM6.vcxproj]
c:\sw\xm62022\vm\cpu.h(25): error C2371: 's68000getcounter' : redefinition; different basic types (..\vm\device.cpp) [c:\sw\XM62022\00proj.vc7\XM6.vcxproj]
c:\sw\xm62022\vm\cpu.h(25): error C2371: 's68000getcounter' : redefinition; different basic types (..\vm\crtc.cpp) [c:\sw\XM62022\00proj.vc7\XM6.vcxproj]
c:\sw\xm62022\vm\cpu.h(27): error C2733: 's68000setcounter' : second C linkage of overloaded function not allowed (..\vm\device.cpp) [c:\sw\XM62022\00proj.vc7\XM6.vcxproj]
c:\sw\xm62022\vm\cpu.h(27): error C2733: 's68000setcounter' : second C linkage of overloaded function not allowed (..\vm\crtc.cpp) [c:\sw\XM62022\00proj.vc7\XM6.vcxproj]
c:\sw\xm62022\vm\schedule.h(24): error C2371: 's68000iocycle' : redefinition; different basic types (..\vm\cpu.cpp) [c:\sw\XM62022\00proj.vc7\XM6.vcxproj]
c:\sw\xm62022\vm\cpu.h(25): error C2556: 'DWORD s68000getcounter(void)' : overloaded function differs only by return type from 'unsigned int s68000getcounter(void)' (..\vm\dmac.cpp) [c:\sw\XM62022\00proj.vc7\XM6.vcxproj]
c:\sw\xm62022\vm\schedule.h(24): error C2371: 's68000iocycle' : redefinition; different basic types (..\vm\event.cpp) [c:\sw\XM62022\00proj.vc7\XM6.vcxproj]
c:\sw\xm62022\vm\cpu.h(25): error C2371: 's68000getcounter' : redefinition; different basic types (..\vm\dmac.cpp) [c:\sw\XM62022\00proj.vc7\XM6.vcxproj]
c:\sw\xm62022\vm\cpu.h(25): error C2556: 'DWORD s68000getcounter(void)' : overloaded function differs only by return type from 'unsigned int s68000getcounter(void)' (..\vm\cpu.cpp) [c:\sw\XM62022\00proj.vc7\XM6.vcxproj]
c:\sw\xm62022\vm\cpu.h(27): error C2733: 's68000setcounter' : second C linkage of overloaded function not allowed (..\vm\dmac.cpp) [c:\sw\XM62022\00proj.vc7\XM6.vcxproj]
c:\sw\xm62022\vm\cpu.h(25): error C2371: 's68000getcounter' : redefinition; different basic types (..\vm\cpu.cpp) [c:\sw\XM62022\00proj.vc7\XM6.vcxproj]
c:\sw\xm62022\vm\cpu.h(25): error C2556: 'DWORD s68000getcounter(void)' : overloaded function differs only by return type from 'unsigned int s68000getcounter(void)' (..\vm\event.cpp) [c:\sw\XM62022\00proj.vc7\XM6.vcxproj]
c:\sw\xm62022\vm\cpu.h(27): error C2733: 's68000setcounter' : second C linkage of overloaded function not allowed (..\vm\cpu.cpp) [c:\sw\XM62022\00proj.vc7\XM6.vcxproj]
c:\sw\xm62022\vm\cpu.h(25): error C2371: 's68000getcounter' : redefinition; different basic types (..\vm\event.cpp) [c:\sw\XM62022\00proj.vc7\XM6.vcxproj]
c:\sw\xm62022\vm\schedule.h(24): error C2371: 's68000iocycle' : redefinition; different basic types (..\vm\adpcm.cpp) [c:\sw\XM62022\00proj.vc7\XM6.vcxproj]
c:\sw\xm62022\vm\cpu.h(27): error C2733: 's68000setcounter' : second C linkage of overloaded function not allowed (..\vm\event.cpp) [c:\sw\XM62022\00proj.vc7\XM6.vcxproj]
c:\sw\xm62022\vm\schedule.h(24): error C2371: 's68000iocycle' : redefinition; different basic types (..\vm\fdc.cpp) [c:\sw\XM62022\00proj.vc7\XM6.vcxproj]
c:\sw\xm62022\vm\schedule.h(24): error C2371: 's68000iocycle' : redefinition; different basic types (..\vm\dmac.cpp) [c:\sw\XM62022\00proj.vc7\XM6.vcxproj]
c:\sw\xm62022\vm\cpu.h(25): error C2556: 'DWORD s68000getcounter(void)' : overloaded function differs only by return type from 'unsigned int s68000getcounter(void)' (..\vm\adpcm.cpp) [c:\sw\XM62022\00proj.vc7\XM6.vcxproj]
..\vm\cpu.cpp(48): error C2733: 's68000buserr' : second C linkage of overloaded function not allowed [c:\sw\XM62022\00proj.vc7\XM6.vcxproj]
c:\sw\xm62022\vm\cpu.h(25): error C2371: 's68000getcounter' : redefinition; different basic types (..\vm\adpcm.cpp) [c:\sw\XM62022\00proj.vc7\XM6.vcxproj]
..\vm\cpu.cpp(82): error C2733: 's68000buserrlog' : second C linkage of overloaded function not allowed [c:\sw\XM62022\00proj.vc7\XM6.vcxproj]
c:\sw\xm62022\vm\cpu.h(27): error C2733: 's68000setcounter' : second C linkage of overloaded function not allowed (..\vm\adpcm.cpp) [c:\sw\XM62022\00proj.vc7\XM6.vcxproj]
..\vm\cpu.cpp(92): error C2733: 's68000addrerrlog' : second C linkage of overloaded function not allowed [c:\sw\XM62022\00proj.vc7\XM6.vcxproj]
c:\sw\xm62022\vm\cpu.h(25): error C2556: 'DWORD s68000getcounter(void)' : overloaded function differs only by return type from 'unsigned int s68000getcounter(void)' (..\vm\fdc.cpp) [c:\sw\XM62022\00proj.vc7\XM6.vcxproj]
c:\sw\xm62022\vm\cpu.h(25): error C2371: 's68000getcounter' : redefinition; different basic types (..\vm\fdc.cpp) [c:\sw\XM62022\00proj.vc7\XM6.vcxproj]
c:\sw\xm62022\vm\cpu.h(27): error C2733: 's68000setcounter' : second C linkage of overloaded function not allowed (..\vm\fdc.cpp) [c:\sw\XM62022\00proj.vc7\XM6.vcxproj]
c:\sw\xm62022\vm\cpu.h(25): error C2556: 'DWORD s68000getcounter(void)' : overloaded function differs only by return type from 'unsigned int s68000getcounter(void)' (..\vm\iosc.cpp) [c:\sw\XM62022\00proj.vc7\XM6.vcxproj]
c:\sw\xm62022\vm\cpu.h(25): error C2371: 's68000getcounter' : redefinition; different basic types (..\vm\iosc.cpp) [c:\sw\XM62022\00proj.vc7\XM6.vcxproj]
c:\sw\xm62022\vm\cpu.h(27): error C2733: 's68000setcounter' : second C linkage of overloaded function not allowed (..\vm\iosc.cpp) [c:\sw\XM62022\00proj.vc7\XM6.vcxproj]
c:\sw\xm62022\vm\schedule.h(24): error C2371: 's68000iocycle' : redefinition; different basic types (..\vm\iosc.cpp) [c:\sw\XM62022\00proj.vc7\XM6.vcxproj]
c:\sw\xm62022\vm\schedule.h(24): error C2371: 's68000iocycle' : redefinition; different basic types (..\vm\disk.cpp) [c:\sw\XM62022\00proj.vc7\XM6.vcxproj]
c:\sw\xm62022\vm\cpu.h(25): error C2556: 'DWORD s68000getcounter(void)' : overloaded function differs only by return type from 'unsigned int s68000getcounter(void)' (..\vm\disk.cpp) [c:\sw\XM62022\00proj.vc7\XM6.vcxproj]
c:\sw\xm62022\vm\cpu.h(25): error C2371: 's68000getcounter' : redefinition; different basic types (..\vm\disk.cpp) [c:\sw\XM62022\00proj.vc7\XM6.vcxproj]
c:\sw\xm62022\vm\cpu.h(27): error C2733: 's68000setcounter' : second C linkage of overloaded function not allowed (..\vm\disk.cpp) [c:\sw\XM62022\00proj.vc7\XM6.vcxproj]
c:\sw\xm62022\vm\cpu.h(25): error C2556: 'DWORD s68000getcounter(void)' : overloaded function differs only by return type from 'unsigned int s68000getcounter(void)' (..\vm\mfp.cpp) [c:\sw\XM62022\00proj.vc7\XM6.vcxproj]
c:\sw\xm62022\vm\cpu.h(25): error C2371: 's68000getcounter' : redefinition; different basic types (..\vm\mfp.cpp) [c:\sw\XM62022\00proj.vc7\XM6.vcxproj]
c:\sw\xm62022\vm\cpu.h(27): error C2733: 's68000setcounter' : second C linkage of overloaded function not allowed (..\vm\mfp.cpp) [c:\sw\XM62022\00proj.vc7\XM6.vcxproj]
c:\sw\xm62022\vm\schedule.h(24): error C2371: 's68000iocycle' : redefinition; different basic types (..\vm\memory.cpp) [c:\sw\XM62022\00proj.vc7\XM6.vcxproj]
c:\sw\xm62022\vm\cpu.h(25): error C2556: 'DWORD s68000getcounter(void)' : overloaded function differs only by return type from 'unsigned int s68000getcounter(void)' (..\vm\memory.cpp) [c:\sw\XM62022\00proj.vc7\XM6.vcxproj]
c:\sw\xm62022\vm\cpu.h(25): error C2371: 's68000getcounter' : redefinition; different basic types (..\vm\memory.cpp) [c:\sw\XM62022\00proj.vc7\XM6.vcxproj]
c:\sw\xm62022\vm\schedule.h(24): error C2371: 's68000iocycle' : redefinition; different basic types (..\vm\mfp.cpp) [c:\sw\XM62022\00proj.vc7\XM6.vcxproj]
c:\sw\xm62022\vm\schedule.h(24): error C2371: 's68000iocycle' : redefinition; different basic types (..\vm\log.cpp) [c:\sw\XM62022\00proj.vc7\XM6.vcxproj]
c:\sw\xm62022\vm\cpu.h(27): error C2733: 's68000setcounter' : second C linkage of overloaded function not allowed (..\vm\memory.cpp) [c:\sw\XM62022\00proj.vc7\XM6.vcxproj]
c:\sw\xm62022\vm\schedule.h(24): error C2371: 's68000iocycle' : redefinition; different basic types (..\vm\mercury.cpp) [c:\sw\XM62022\00proj.vc7\XM6.vcxproj]
c:\sw\xm62022\vm\schedule.h(24): error C2371: 's68000iocycle' : redefinition; different basic types (..\vm\keyboard.cpp) [c:\sw\XM62022\00proj.vc7\XM6.vcxproj]
c:\sw\xm62022\vm\schedule.h(24): error C2371: 's68000iocycle' : redefinition; different basic types (..\vm\opmif.cpp) [c:\sw\XM62022\00proj.vc7\XM6.vcxproj]
c:\sw\xm62022\vm\cpu.h(25): error C2556: 'DWORD s68000getcounter(void)' : overloaded function differs only by return type from 'unsigned int s68000getcounter(void)' (..\vm\log.cpp) [c:\sw\XM62022\00proj.vc7\XM6.vcxproj]
c:\sw\xm62022\vm\cpu.h(25): error C2556: 'DWORD s68000getcounter(void)' : overloaded function differs only by return type from 'unsigned int s68000getcounter(void)' (..\vm\mercury.cpp) [c:\sw\XM62022\00proj.vc7\XM6.vcxproj]
c:\sw\xm62022\vm\cpu.h(25): error C2371: 's68000getcounter' : redefinition; different basic types (..\vm\log.cpp) [c:\sw\XM62022\00proj.vc7\XM6.vcxproj]
c:\sw\xm62022\vm\cpu.h(25): error C2556: 'DWORD s68000getcounter(void)' : overloaded function differs only by return type from 'unsigned int s68000getcounter(void)' (..\vm\keyboard.cpp) [c:\sw\XM62022\00proj.vc7\XM6.vcxproj]
c:\sw\xm62022\vm\cpu.h(25): error C2556: 'DWORD s68000getcounter(void)' : overloaded function differs only by return type from 'unsigned int s68000getcounter(void)' (..\vm\opmif.cpp) [c:\sw\XM62022\00proj.vc7\XM6.vcxproj]
c:\sw\xm62022\vm\cpu.h(25): error C2371: 's68000getcounter' : redefinition; different basic types (..\vm\mercury.cpp) [c:\sw\XM62022\00proj.vc7\XM6.vcxproj]
c:\sw\xm62022\vm\cpu.h(27): error C2733: 's68000setcounter' : second C linkage of overloaded function not allowed (..\vm\log.cpp) [c:\sw\XM62022\00proj.vc7\XM6.vcxproj]
c:\sw\xm62022\vm\cpu.h(25): error C2371: 's68000getcounter' : redefinition; different basic types (..\vm\keyboard.cpp) [c:\sw\XM62022\00proj.vc7\XM6.vcxproj]
c:\sw\xm62022\vm\cpu.h(25): error C2371: 's68000getcounter' : redefinition; different basic types (..\vm\opmif.cpp) [c:\sw\XM62022\00proj.vc7\XM6.vcxproj]
c:\sw\xm62022\vm\cpu.h(27): error C2733: 's68000setcounter' : second C linkage of overloaded function not allowed (..\vm\mercury.cpp) [c:\sw\XM62022\00proj.vc7\XM6.vcxproj]
c:\sw\xm62022\vm\cpu.h(27): error C2733: 's68000setcounter' : second C linkage of overloaded function not allowed (..\vm\keyboard.cpp) [c:\sw\XM62022\00proj.vc7\XM6.vcxproj]
c:\sw\xm62022\vm\cpu.h(27): error C2733: 's68000setcounter' : second C linkage of overloaded function not allowed (..\vm\opmif.cpp) [c:\sw\XM62022\00proj.vc7\XM6.vcxproj]
..\vm\memory.cpp(1083): error C4430: missing type specifier - int assumed. Note: C++ does not support default-int [c:\sw\XM62022\00proj.vc7\XM6.vcxproj]
..\vm\memory.cpp(1084): error C2057: expected constant expression [c:\sw\XM62022\00proj.vc7\XM6.vcxproj]
c:\sw\xm62022\vm\schedule.h(24): error C2371: 's68000iocycle' : redefinition; different basic types (..\vm\ppi.cpp) [c:\sw\XM62022\00proj.vc7\XM6.vcxproj]
..\vm\memory.cpp(1084): error C2466: cannot allocate an array of constant size 0 [c:\sw\XM62022\00proj.vc7\XM6.vcxproj]
..\vm\memory.cpp(1084): error C2143: syntax error : missing ';' before '.' [c:\sw\XM62022\00proj.vc7\XM6.vcxproj]
..\vm\memory.cpp(1084): error C4430: missing type specifier - int assumed. Note: C++ does not support default-int [c:\sw\XM62022\00proj.vc7\XM6.vcxproj]
c:\sw\xm62022\vm\cpu.h(25): error C2556: 'DWORD s68000getcounter(void)' : overloaded function differs only by return type from 'unsigned int s68000getcounter(void)' (..\vm\ppi.cpp) [c:\sw\XM62022\00proj.vc7\XM6.vcxproj]
..\vm\memory.cpp(1085): error C2057: expected constant expression [c:\sw\XM62022\00proj.vc7\XM6.vcxproj]
c:\sw\xm62022\vm\cpu.h(25): error C2371: 's68000getcounter' : redefinition; different basic types (..\vm\ppi.cpp) [c:\sw\XM62022\00proj.vc7\XM6.vcxproj]
..\vm\memory.cpp(1085): error C2466: cannot allocate an array of constant size 0 [c:\sw\XM62022\00proj.vc7\XM6.vcxproj]
c:\sw\xm62022\vm\cpu.h(27): error C2733: 's68000setcounter' : second C linkage of overloaded function not allowed (..\vm\ppi.cpp) [c:\sw\XM62022\00proj.vc7\XM6.vcxproj]
..\vm\memory.cpp(1085): error C2143: syntax error : missing ';' before '.' [c:\sw\XM62022\00proj.vc7\XM6.vcxproj]
c:\sw\xm62022\vm\schedule.h(24): error C2371: 's68000iocycle' : redefinition; different basic types (..\vm\midi.cpp) [c:\sw\XM62022\00proj.vc7\XM6.vcxproj]
..\vm\memory.cpp(1085): error C4430: missing type specifier - int assumed. Note: C++ does not support default-int [c:\sw\XM62022\00proj.vc7\XM6.vcxproj]
..\vm\memory.cpp(1086): error C2057: expected constant expression [c:\sw\XM62022\00proj.vc7\XM6.vcxproj]
c:\sw\xm62022\vm\cpu.h(25): error C2556: 'DWORD s68000getcounter(void)' : overloaded function differs only by return type from 'unsigned int s68000getcounter(void)' (..\vm\midi.cpp) [c:\sw\XM62022\00proj.vc7\XM6.vcxproj]
..\vm\memory.cpp(1086): error C2466: cannot allocate an array of constant size 0 [c:\sw\XM62022\00proj.vc7\XM6.vcxproj]
c:\sw\xm62022\vm\schedule.h(24): error C2371: 's68000iocycle' : redefinition; different basic types (..\vm\neptune.cpp) [c:\sw\XM62022\00proj.vc7\XM6.vcxproj]
c:\sw\xm62022\vm\cpu.h(25): error C2371: 's68000getcounter' : redefinition; different basic types (..\vm\midi.cpp) [c:\sw\XM62022\00proj.vc7\XM6.vcxproj]
..\vm\memory.cpp(1086): error C2143: syntax error : missing ';' before '.' [c:\sw\XM62022\00proj.vc7\XM6.vcxproj]
c:\sw\xm62022\vm\cpu.h(25): error C2556: 'DWORD s68000getcounter(void)' : overloaded function differs only by return type from 'unsigned int s68000getcounter(void)' (..\vm\neptune.cpp) [c:\sw\XM62022\00proj.vc7\XM6.vcxproj]
c:\sw\xm62022\vm\cpu.h(27): error C2733: 's68000setcounter' : second C linkage of overloaded function not allowed (..\vm\midi.cpp) [c:\sw\XM62022\00proj.vc7\XM6.vcxproj]
..\vm\memory.cpp(1086): error C4430: missing type specifier - int assumed. Note: C++ does not support default-int [c:\sw\XM62022\00proj.vc7\XM6.vcxproj]
c:\sw\xm62022\vm\cpu.h(25): error C2371: 's68000getcounter' : redefinition; different basic types (..\vm\neptune.cpp) [c:\sw\XM62022\00proj.vc7\XM6.vcxproj]
..\vm\memory.cpp(1087): error C2143: syntax error : missing ';' before '++' [c:\sw\XM62022\00proj.vc7\XM6.vcxproj]
c:\sw\xm62022\vm\cpu.h(27): error C2733: 's68000setcounter' : second C linkage of overloaded function not allowed (..\vm\neptune.cpp) [c:\sw\XM62022\00proj.vc7\XM6.vcxproj]
..\vm\memory.cpp(1087): error C4430: missing type specifier - int assumed. Note: C++ does not support default-int [c:\sw\XM62022\00proj.vc7\XM6.vcxproj]
c:\sw\xm62022\vm\schedule.h(24): error C2371: 's68000iocycle' : redefinition; different basic types (..\vm\mouse.cpp) [c:\sw\XM62022\00proj.vc7\XM6.vcxproj]
..\vm\memory.cpp(1087): error C2086: 'int index' : redefinition [c:\sw\XM62022\00proj.vc7\XM6.vcxproj]
c:\sw\xm62022\vm\cpu.h(25): error C2556: 'DWORD s68000getcounter(void)' : overloaded function differs only by return type from 'unsigned int s68000getcounter(void)' (..\vm\mouse.cpp) [c:\sw\XM62022\00proj.vc7\XM6.vcxproj]
..\vm\memory.cpp(1090): error C2057: expected constant expression [c:\sw\XM62022\00proj.vc7\XM6.vcxproj]
c:\sw\xm62022\vm\cpu.h(25): error C2371: 's68000getcounter' : redefinition; different basic types (..\vm\mouse.cpp) [c:\sw\XM62022\00proj.vc7\XM6.vcxproj]
..\vm\memory.cpp(1090): error C2466: cannot allocate an array of constant size 0 [c:\sw\XM62022\00proj.vc7\XM6.vcxproj]
c:\sw\xm62022\vm\cpu.h(27): error C2733: 's68000setcounter' : second C linkage of overloaded function not allowed (..\vm\mouse.cpp) [c:\sw\XM62022\00proj.vc7\XM6.vcxproj]
..\vm\memory.cpp(1090): error C2143: syntax error : missing ';' before '.' [c:\sw\XM62022\00proj.vc7\XM6.vcxproj]
..\vm\memory.cpp(1090): error C4430: missing type specifier - int assumed. Note: C++ does not support default-int [c:\sw\XM62022\00proj.vc7\XM6.vcxproj]
..\vm\memory.cpp(1091): error C2057: expected constant expression [c:\sw\XM62022\00proj.vc7\XM6.vcxproj]
..\vm\memory.cpp(1091): error C2466: cannot allocate an array of constant size 0 [c:\sw\XM62022\00proj.vc7\XM6.vcxproj]
..\vm\memory.cpp(1091): error C2143: syntax error : missing ';' before '.' [c:\sw\XM62022\00proj.vc7\XM6.vcxproj]
..\vm\memory.cpp(1091): error C4430: missing type specifier - int assumed. Note: C++ does not support default-int [c:\sw\XM62022\00proj.vc7\XM6.vcxproj]
..\vm\memory.cpp(1092): error C2057: expected constant expression [c:\sw\XM62022\00proj.vc7\XM6.vcxproj]
..\vm\memory.cpp(1092): error C2466: cannot allocate an array of constant size 0 [c:\sw\XM62022\00proj.vc7\XM6.vcxproj]
..\vm\memory.cpp(1092): error C2143: syntax error : missing ';' before '.' [c:\sw\XM62022\00proj.vc7\XM6.vcxproj]
..\vm\memory.cpp(1092): error C4430: missing type specifier - int assumed. Note: C++ does not support default-int [c:\sw\XM62022\00proj.vc7\XM6.vcxproj]
..\vm\memory.cpp(1093): error C2143: syntax error : missing ';' before '++' [c:\sw\XM62022\00proj.vc7\XM6.vcxproj]
..\vm\memory.cpp(1093): error C4430: missing type specifier - int assumed. Note: C++ does not support default-int [c:\sw\XM62022\00proj.vc7\XM6.vcxproj]
..\vm\memory.cpp(1093): error C2086: 'int index' : redefinition [c:\sw\XM62022\00proj.vc7\XM6.vcxproj]
..\vm\memory.cpp(1096): error C2059: syntax error : 'if' [c:\sw\XM62022\00proj.vc7\XM6.vcxproj]
..\vm\memory.cpp(1096): error C2143: syntax error : missing ';' before '{' [c:\sw\XM62022\00proj.vc7\XM6.vcxproj]
..\vm\memory.cpp(1096): error C2447: '{' : missing function header (old-style formal list?) [c:\sw\XM62022\00proj.vc7\XM6.vcxproj]
..\vm\memory.cpp(1104): error C2059: syntax error : 'if' [c:\sw\XM62022\00proj.vc7\XM6.vcxproj]
..\vm\memory.cpp(1104): error C2143: syntax error : missing ';' before '{' [c:\sw\XM62022\00proj.vc7\XM6.vcxproj]
..\vm\memory.cpp(1104): error C2447: '{' : missing function header (old-style formal list?) [c:\sw\XM62022\00proj.vc7\XM6.vcxproj]
..\vm\memory.cpp(1111): error C2059: syntax error : 'else' [c:\sw\XM62022\00proj.vc7\XM6.vcxproj]
..\vm\memory.cpp(1111): error C2143: syntax error : missing ';' before '{' [c:\sw\XM62022\00proj.vc7\XM6.vcxproj]
..\vm\memory.cpp(1111): error C2447: '{' : missing function header (old-style formal list?) [c:\sw\XM62022\00proj.vc7\XM6.vcxproj]
..\vm\memory.cpp(1126): error C4430: missing type specifier - int assumed. Note: C++ does not support default-int [c:\sw\XM62022\00proj.vc7\XM6.vcxproj]
..\vm\memory.cpp(1126): error C2065: 'vm' : undeclared identifier [c:\sw\XM62022\00proj.vc7\XM6.vcxproj]
..\vm\memory.cpp(1126): error C2227: left of '->SearchDevice' must point to class/struct/union/generic type [c:\sw\XM62022\00proj.vc7\XM6.vcxproj]
..\vm\memory.cpp(1127): error C2062: type 'void' unexpected [c:\sw\XM62022\00proj.vc7\XM6.vcxproj]
..\vm\memory.cpp(1128): error C2057: expected constant expression [c:\sw\XM62022\00proj.vc7\XM6.vcxproj]
c:\sw\xm62022\vm\schedule.h(24): error C2371: 's68000iocycle' : redefinition; different basic types (..\vm\render.cpp) [c:\sw\XM62022\00proj.vc7\XM6.vcxproj]
..\vm\memory.cpp(1128): error C2466: cannot allocate an array of constant size 0 [c:\sw\XM62022\00proj.vc7\XM6.vcxproj]
..\vm\memory.cpp(1128): error C2143: syntax error : missing ';' before '.' [c:\sw\XM62022\00proj.vc7\XM6.vcxproj]
..\vm\memory.cpp(1128): error C4430: missing type specifier - int assumed. Note: C++ does not support default-int [c:\sw\XM62022\00proj.vc7\XM6.vcxproj]
..\vm\memory.cpp(1129): error C2057: expected constant expression [c:\sw\XM62022\00proj.vc7\XM6.vcxproj]
c:\sw\xm62022\vm\cpu.h(25): error C2556: 'DWORD s68000getcounter(void)' : overloaded function differs only by return type from 'unsigned int s68000getcounter(void)' (..\vm\render.cpp) [c:\sw\XM62022\00proj.vc7\XM6.vcxproj]
..\vm\memory.cpp(1129): error C2466: cannot allocate an array of constant size 0 [c:\sw\XM62022\00proj.vc7\XM6.vcxproj]
c:\sw\xm62022\vm\cpu.h(25): error C2371: 's68000getcounter' : redefinition; different basic types (..\vm\render.cpp) [c:\sw\XM62022\00proj.vc7\XM6.vcxproj]
..\vm\memory.cpp(1129): error C2143: syntax error : missing ';' before '.' [c:\sw\XM62022\00proj.vc7\XM6.vcxproj]
c:\sw\xm62022\vm\cpu.h(27): error C2733: 's68000setcounter' : second C linkage of overloaded function not allowed (..\vm\render.cpp) [c:\sw\XM62022\00proj.vc7\XM6.vcxproj]
..\vm\memory.cpp(1129): error C4430: missing type specifier - int assumed. Note: C++ does not support default-int [c:\sw\XM62022\00proj.vc7\XM6.vcxproj]
..\vm\memory.cpp(1130): error C2057: expected constant expression [c:\sw\XM62022\00proj.vc7\XM6.vcxproj]
..\vm\memory.cpp(1130): error C2466: cannot allocate an array of constant size 0 [c:\sw\XM62022\00proj.vc7\XM6.vcxproj]
..\vm\memory.cpp(1130): error C2143: syntax error : missing ';' before '.' [c:\sw\XM62022\00proj.vc7\XM6.vcxproj]
..\vm\memory.cpp(1130): error C4430: missing type specifier - int assumed. Note: C++ does not support default-int [c:\sw\XM62022\00proj.vc7\XM6.vcxproj]
..\vm\memory.cpp(1131): error C2143: syntax error : missing ';' before '++' [c:\sw\XM62022\00proj.vc7\XM6.vcxproj]
..\vm\memory.cpp(1131): error C4430: missing type specifier - int assumed. Note: C++ does not support default-int [c:\sw\XM62022\00proj.vc7\XM6.vcxproj]
..\vm\memory.cpp(1131): error C2086: 'int index' : redefinition [c:\sw\XM62022\00proj.vc7\XM6.vcxproj]
..\vm\memory.cpp(1134): error C4430: missing type specifier - int assumed. Note: C++ does not support default-int [c:\sw\XM62022\00proj.vc7\XM6.vcxproj]
..\vm\memory.cpp(1134): error C2065: 'vm' : undeclared identifier [c:\sw\XM62022\00proj.vc7\XM6.vcxproj]
..\vm\memory.cpp(1134): error C2227: left of '->SearchDevice' must point to class/struct/union/generic type [c:\sw\XM62022\00proj.vc7\XM6.vcxproj]
..\vm\memory.cpp(1135): error C2062: type 'void' unexpected [c:\sw\XM62022\00proj.vc7\XM6.vcxproj]
..\vm\memory.cpp(1136): error C2057: expected constant expression [c:\sw\XM62022\00proj.vc7\XM6.vcxproj]
..\vm\memory.cpp(1136): error C2466: cannot allocate an array of constant size 0 [c:\sw\XM62022\00proj.vc7\XM6.vcxproj]
..\vm\memory.cpp(1136): error C2143: syntax error : missing ';' before '.' [c:\sw\XM62022\00proj.vc7\XM6.vcxproj]
..\vm\memory.cpp(1136): error C4430: missing type specifier - int assumed. Note: C++ does not support default-int [c:\sw\XM62022\00proj.vc7\XM6.vcxproj]
..\vm\memory.cpp(1137): error C2057: expected constant expression [c:\sw\XM62022\00proj.vc7\XM6.vcxproj]
..\vm\memory.cpp(1137): error C2466: cannot allocate an array of constant size 0 [c:\sw\XM62022\00proj.vc7\XM6.vcxproj]
..\vm\memory.cpp(1137): error C2143: syntax error : missing ';' before '.' [c:\sw\XM62022\00proj.vc7\XM6.vcxproj]
..\vm\memory.cpp(1137): error C4430: missing type specifier - int assumed. Note: C++ does not support default-int [c:\sw\XM62022\00proj.vc7\XM6.vcxproj]
..\vm\memory.cpp(1138): error C2057: expected constant expression [c:\sw\XM62022\00proj.vc7\XM6.vcxproj]
..\vm\memory.cpp(1138): error C2466: cannot allocate an array of constant size 0 [c:\sw\XM62022\00proj.vc7\XM6.vcxproj]
..\vm\memory.cpp(1138): error C2143: syntax error : missing ';' before '.' [c:\sw\XM62022\00proj.vc7\XM6.vcxproj]
..\vm\memory.cpp(1138): error C4430: missing type specifier - int assumed. Note: C++ does not support default-int [c:\sw\XM62022\00proj.vc7\XM6.vcxproj]
..\vm\memory.cpp(1139): error C2143: syntax error : missing ';' before '++' [c:\sw\XM62022\00proj.vc7\XM6.vcxproj]
..\vm\memory.cpp(1139): error C4430: missing type specifier - int assumed. Note: C++ does not support default-int [c:\sw\XM62022\00proj.vc7\XM6.vcxproj]
..\vm\memory.cpp(1139): error C2086: 'int index' : redefinition [c:\sw\XM62022\00proj.vc7\XM6.vcxproj]
..\vm\memory.cpp(1142): error C2062: type 'void' unexpected [c:\sw\XM62022\00proj.vc7\XM6.vcxproj]
..\vm\memory.cpp(1143): error C2057: expected constant expression [c:\sw\XM62022\00proj.vc7\XM6.vcxproj]
..\vm\memory.cpp(1143): error C2466: cannot allocate an array of constant size 0 [c:\sw\XM62022\00proj.vc7\XM6.vcxproj]
..\vm\memory.cpp(1143): error C2143: syntax error : missing ';' before '.' [c:\sw\XM62022\00proj.vc7\XM6.vcxproj]
..\vm\memory.cpp(1143): error C4430: missing type specifier - int assumed. Note: C++ does not support default-int [c:\sw\XM62022\00proj.vc7\XM6.vcxproj]
..\vm\memory.cpp(1144): error C2057: expected constant expression [c:\sw\XM62022\00proj.vc7\XM6.vcxproj]
..\vm\memory.cpp(1144): error C2466: cannot allocate an array of constant size 0 [c:\sw\XM62022\00proj.vc7\XM6.vcxproj]
..\vm\memory.cpp(1144): error C2143: syntax error : missing ';' before '.' [c:\sw\XM62022\00proj.vc7\XM6.vcxproj]
..\vm\memory.cpp(1144): error C4430: missing type specifier - int assumed. Note: C++ does not support default-int [c:\sw\XM62022\00proj.vc7\XM6.vcxproj]
..\vm\memory.cpp(1145): error C2057: expected constant expression [c:\sw\XM62022\00proj.vc7\XM6.vcxproj]
..\vm\memory.cpp(1145): error C2466: cannot allocate an array of constant size 0 [c:\sw\XM62022\00proj.vc7\XM6.vcxproj]
..\vm\memory.cpp(1145): error C2143: syntax error : missing ';' before '.' [c:\sw\XM62022\00proj.vc7\XM6.vcxproj]
..\vm\memory.cpp(1145): error C4430: missing type specifier - int assumed. Note: C++ does not support default-int [c:\sw\XM62022\00proj.vc7\XM6.vcxproj]
..\vm\memory.cpp(1146): error C2143: syntax error : missing ';' before '++' [c:\sw\XM62022\00proj.vc7\XM6.vcxproj]
..\vm\memory.cpp(1146): error C4430: missing type specifier - int assumed. Note: C++ does not support default-int [c:\sw\XM62022\00proj.vc7\XM6.vcxproj]
..\vm\memory.cpp(1146): error C2086: 'int index' : redefinition [c:\sw\XM62022\00proj.vc7\XM6.vcxproj]
..\vm\memory.cpp(1147): error C4430: missing type specifier - int assumed. Note: C++ does not support default-int [c:\sw\XM62022\00proj.vc7\XM6.vcxproj]
..\vm\memory.cpp(1147): error C2078: too many initializers [c:\sw\XM62022\00proj.vc7\XM6.vcxproj]
..\vm\memory.cpp(1147): error C2440: 'initializing' : cannot convert from 'int []' to 'int' [c:\sw\XM62022\00proj.vc7\XM6.vcxproj]
..\vm\memory.cpp(1150): error C4430: missing type specifier - int assumed. Note: C++ does not support default-int [c:\sw\XM62022\00proj.vc7\XM6.vcxproj]
..\vm\memory.cpp(1150): error C2374: 'index' : redefinition; multiple initialization [c:\sw\XM62022\00proj.vc7\XM6.vcxproj]
..\vm\memory.cpp(1151): error C4430: missing type specifier - int assumed. Note: C++ does not support default-int [c:\sw\XM62022\00proj.vc7\XM6.vcxproj]
..\vm\memory.cpp(1151): error C2065: 'areaset' : undeclared identifier [c:\sw\XM62022\00proj.vc7\XM6.vcxproj]
..\vm\memory.cpp(1151): error C2227: left of '->GetArea' must point to class/struct/union/generic type [c:\sw\XM62022\00proj.vc7\XM6.vcxproj]
..\vm\memory.cpp(1154): error C2143: syntax error : missing ';' before '.' [c:\sw\XM62022\00proj.vc7\XM6.vcxproj]
..\vm\memory.cpp(1154): error C4430: missing type specifier - int assumed. Note: C++ does not support default-int [c:\sw\XM62022\00proj.vc7\XM6.vcxproj]
..\vm\memory.cpp(1155): error C2143: syntax error : missing ';' before '.' [c:\sw\XM62022\00proj.vc7\XM6.vcxproj]
..\vm\memory.cpp(1155): error C4430: missing type specifier - int assumed. Note: C++ does not support default-int [c:\sw\XM62022\00proj.vc7\XM6.vcxproj]
..\vm\memory.cpp(1155): error C2086: 'int u_rbr[1]' : redefinition [c:\sw\XM62022\00proj.vc7\XM6.vcxproj]
..\vm\memory.cpp(1156): error C2143: syntax error : missing ';' before '.' [c:\sw\XM62022\00proj.vc7\XM6.vcxproj]
..\vm\memory.cpp(1156): error C4430: missing type specifier - int assumed. Note: C++ does not support default-int [c:\sw\XM62022\00proj.vc7\XM6.vcxproj]
..\vm\memory.cpp(1156): error C2086: 'int u_rbr[1]' : redefinition [c:\sw\XM62022\00proj.vc7\XM6.vcxproj]
..\vm\memory.cpp(1157): error C2143: syntax error : missing ';' before '.' [c:\sw\XM62022\00proj.vc7\XM6.vcxproj]
..\vm\memory.cpp(1157): error C4430: missing type specifier - int assumed. Note: C++ does not support default-int [c:\sw\XM62022\00proj.vc7\XM6.vcxproj]
..\vm\memory.cpp(1157): error C2086: 'int u_rbr[1]' : redefinition [c:\sw\XM62022\00proj.vc7\XM6.vcxproj]
..\vm\memory.cpp(1158): error C2143: syntax error : missing ';' before '++' [c:\sw\XM62022\00proj.vc7\XM6.vcxproj]
..\vm\memory.cpp(1158): error C4430: missing type specifier - int assumed. Note: C++ does not support default-int [c:\sw\XM62022\00proj.vc7\XM6.vcxproj]
..\vm\memory.cpp(1158): error C2086: 'int index' : redefinition [c:\sw\XM62022\00proj.vc7\XM6.vcxproj]
..\vm\memory.cpp(1161): error C2143: syntax error : missing ';' before '.' [c:\sw\XM62022\00proj.vc7\XM6.vcxproj]
..\vm\memory.cpp(1161): error C4430: missing type specifier - int assumed. Note: C++ does not support default-int [c:\sw\XM62022\00proj.vc7\XM6.vcxproj]
..\vm\memory.cpp(1161): error C2086: 'int u_rbr[1]' : redefinition [c:\sw\XM62022\00proj.vc7\XM6.vcxproj]
..\vm\memory.cpp(1162): error C2143: syntax error : missing ';' before '.' [c:\sw\XM62022\00proj.vc7\XM6.vcxproj]
..\vm\memory.cpp(1162): error C4430: missing type specifier - int assumed. Note: C++ does not support default-int [c:\sw\XM62022\00proj.vc7\XM6.vcxproj]
..\vm\memory.cpp(1162): error C2086: 'int u_rbr[1]' : redefinition [c:\sw\XM62022\00proj.vc7\XM6.vcxproj]
..\vm\memory.cpp(1163): error C2143: syntax error : missing ';' before '.' [c:\sw\XM62022\00proj.vc7\XM6.vcxproj]
..\vm\memory.cpp(1163): error C4430: missing type specifier - int assumed. Note: C++ does not support default-int [c:\sw\XM62022\00proj.vc7\XM6.vcxproj]
..\vm\memory.cpp(1163): error C2086: 'int u_rbr[1]' : redefinition [c:\sw\XM62022\00proj.vc7\XM6.vcxproj]
..\vm\memory.cpp(1164): error C2143: syntax error : missing ';' before '.' [c:\sw\XM62022\00proj.vc7\XM6.vcxproj]
..\vm\memory.cpp(1164): error C4430: missing type specifier - int assumed. Note: C++ does not support default-int [c:\sw\XM62022\00proj.vc7\XM6.vcxproj]
..\vm\memory.cpp(1164): error C2086: 'int u_rbr[1]' : redefinition [c:\sw\XM62022\00proj.vc7\XM6.vcxproj]
..\vm\memory.cpp(1165): error C2143: syntax error : missing ';' before '++' [c:\sw\XM62022\00proj.vc7\XM6.vcxproj]
..\vm\memory.cpp(1165): error C4430: missing type specifier - int assumed. Note: C++ does not support default-int [c:\sw\XM62022\00proj.vc7\XM6.vcxproj]
c:\sw\xm62022\vm\schedule.h(24): error C2371: 's68000iocycle' : redefinition; different basic types (..\vm\printer.cpp) [c:\sw\XM62022\00proj.vc7\XM6.vcxproj]
..\vm\memory.cpp(1165): error C2086: 'int index' : redefinition [c:\sw\XM62022\00proj.vc7\XM6.vcxproj]
..\vm\memory.cpp(1168): error C2143: syntax error : missing ';' before '.' [c:\sw\XM62022\00proj.vc7\XM6.vcxproj]
c:\sw\xm62022\vm\cpu.h(25): error C2556: 'DWORD s68000getcounter(void)' : overloaded function differs only by return type from 'unsigned int s68000getcounter(void)' (..\vm\printer.cpp) [c:\sw\XM62022\00proj.vc7\XM6.vcxproj]
..\vm\memory.cpp(1168): error C4430: missing type specifier - int assumed. Note: C++ does not support default-int [c:\sw\XM62022\00proj.vc7\XM6.vcxproj]
c:\sw\xm62022\vm\cpu.h(25): error C2371: 's68000getcounter' : redefinition; different basic types (..\vm\printer.cpp) [c:\sw\XM62022\00proj.vc7\XM6.vcxproj]
..\vm\memory.cpp(1168): error C2086: 'int u_rbr[1]' : redefinition [c:\sw\XM62022\00proj.vc7\XM6.vcxproj]
c:\sw\xm62022\vm\cpu.h(27): error C2733: 's68000setcounter' : second C linkage of overloaded function not allowed (..\vm\printer.cpp) [c:\sw\XM62022\00proj.vc7\XM6.vcxproj]
..\vm\memory.cpp(1168): fatal error C1003: error count exceeds 100; stopping compilation [c:\sw\XM62022\00proj.vc7\XM6.vcxproj]
c:\sw\xm62022\vm\schedule.h(24): error C2371: 's68000iocycle' : redefinition; different basic types (..\vm\sram.cpp) [c:\sw\XM62022\00proj.vc7\XM6.vcxproj]
c:\sw\xm62022\vm\cpu.h(25): error C2556: 'DWORD s68000getcounter(void)' : overloaded function differs only by return type from 'unsigned int s68000getcounter(void)' (..\vm\sram.cpp) [c:\sw\XM62022\00proj.vc7\XM6.vcxproj]
c:\sw\xm62022\vm\schedule.h(24): error C2371: 's68000iocycle' : redefinition; different basic types (..\vm\schedule.cpp) [c:\sw\XM62022\00proj.vc7\XM6.vcxproj]
c:\sw\xm62022\vm\cpu.h(25): error C2371: 's68000getcounter' : redefinition; different basic types (..\vm\sram.cpp) [c:\sw\XM62022\00proj.vc7\XM6.vcxproj]
c:\sw\xm62022\vm\schedule.h(24): error C2371: 's68000iocycle' : redefinition; different basic types (..\vm\scc.cpp) [c:\sw\XM62022\00proj.vc7\XM6.vcxproj]
c:\sw\xm62022\vm\cpu.h(27): error C2733: 's68000setcounter' : second C linkage of overloaded function not allowed (..\vm\sram.cpp) [c:\sw\XM62022\00proj.vc7\XM6.vcxproj]
c:\sw\xm62022\vm\cpu.h(25): error C2556: 'DWORD s68000getcounter(void)' : overloaded function differs only by return type from 'unsigned int s68000getcounter(void)' (..\vm\scc.cpp) [c:\sw\XM62022\00proj.vc7\XM6.vcxproj]
c:\sw\xm62022\vm\cpu.h(25): error C2556: 'DWORD s68000getcounter(void)' : overloaded function differs only by return type from 'unsigned int s68000getcounter(void)' (..\vm\schedule.cpp) [c:\sw\XM62022\00proj.vc7\XM6.vcxproj]
c:\sw\xm62022\vm\cpu.h(25): error C2371: 's68000getcounter' : redefinition; different basic types (..\vm\scc.cpp) [c:\sw\XM62022\00proj.vc7\XM6.vcxproj]
c:\sw\xm62022\vm\cpu.h(25): error C2371: 's68000getcounter' : redefinition; different basic types (..\vm\schedule.cpp) [c:\sw\XM62022\00proj.vc7\XM6.vcxproj]
c:\sw\xm62022\vm\schedule.h(24): error C2371: 's68000iocycle' : redefinition; different basic types (..\vm\rtc.cpp) [c:\sw\XM62022\00proj.vc7\XM6.vcxproj]
c:\sw\xm62022\vm\cpu.h(27): error C2733: 's68000setcounter' : second C linkage of overloaded function not allowed (..\vm\scc.cpp) [c:\sw\XM62022\00proj.vc7\XM6.vcxproj]
c:\sw\xm62022\vm\cpu.h(27): error C2733: 's68000setcounter' : second C linkage of overloaded function not allowed (..\vm\schedule.cpp) [c:\sw\XM62022\00proj.vc7\XM6.vcxproj]
c:\sw\xm62022\vm\cpu.h(25): error C2556: 'DWORD s68000getcounter(void)' : overloaded function differs only by return type from 'unsigned int s68000getcounter(void)' (..\vm\rtc.cpp) [c:\sw\XM62022\00proj.vc7\XM6.vcxproj]
c:\sw\xm62022\vm\cpu.h(25): error C2371: 's68000getcounter' : redefinition; different basic types (..\vm\rtc.cpp) [c:\sw\XM62022\00proj.vc7\XM6.vcxproj]
c:\sw\xm62022\vm\cpu.h(27): error C2733: 's68000setcounter' : second C linkage of overloaded function not allowed (..\vm\rtc.cpp) [c:\sw\XM62022\00proj.vc7\XM6.vcxproj]
c:\sw\xm62022\vm\schedule.h(24): error C2371: 's68000iocycle' : redefinition; different basic types (..\vm\tvram.cpp) [c:\sw\XM62022\00proj.vc7\XM6.vcxproj]
c:\sw\xm62022\vm\cpu.h(25): error C2556: 'DWORD s68000getcounter(void)' : overloaded function differs only by return type from 'unsigned int s68000getcounter(void)' (..\vm\tvram.cpp) [c:\sw\XM62022\00proj.vc7\XM6.vcxproj]
c:\sw\xm62022\vm\schedule.h(24): error C2371: 's68000iocycle' : redefinition; different basic types (..\vm\scsi.cpp) [c:\sw\XM62022\00proj.vc7\XM6.vcxproj]
c:\sw\xm62022\vm\cpu.h(25): error C2371: 's68000getcounter' : redefinition; different basic types (..\vm\tvram.cpp) [c:\sw\XM62022\00proj.vc7\XM6.vcxproj]
c:\sw\xm62022\vm\schedule.h(24): error C2371: 's68000iocycle' : redefinition; different basic types (..\vm\sprite.cpp) [c:\sw\XM62022\00proj.vc7\XM6.vcxproj]
c:\sw\xm62022\vm\cpu.h(27): error C2733: 's68000setcounter' : second C linkage of overloaded function not allowed (..\vm\tvram.cpp) [c:\sw\XM62022\00proj.vc7\XM6.vcxproj]
c:\sw\xm62022\vm\cpu.h(25): error C2556: 'DWORD s68000getcounter(void)' : overloaded function differs only by return type from 'unsigned int s68000getcounter(void)' (..\vm\scsi.cpp) [c:\sw\XM62022\00proj.vc7\XM6.vcxproj]
c:\sw\xm62022\vm\cpu.h(25): error C2556: 'DWORD s68000getcounter(void)' : overloaded function differs only by return type from 'unsigned int s68000getcounter(void)' (..\vm\sprite.cpp) [c:\sw\XM62022\00proj.vc7\XM6.vcxproj]
c:\sw\xm62022\vm\schedule.h(24): error C2371: 's68000iocycle' : redefinition; different basic types (..\vm\sasi.cpp) [c:\sw\XM62022\00proj.vc7\XM6.vcxproj]
c:\sw\xm62022\vm\cpu.h(25): error C2371: 's68000getcounter' : redefinition; different basic types (..\vm\scsi.cpp) [c:\sw\XM62022\00proj.vc7\XM6.vcxproj]
c:\sw\xm62022\vm\cpu.h(25): error C2371: 's68000getcounter' : redefinition; different basic types (..\vm\sprite.cpp) [c:\sw\XM62022\00proj.vc7\XM6.vcxproj]
c:\sw\xm62022\vm\cpu.h(27): error C2733: 's68000setcounter' : second C linkage of overloaded function not allowed (..\vm\scsi.cpp) [c:\sw\XM62022\00proj.vc7\XM6.vcxproj]
c:\sw\xm62022\vm\cpu.h(27): error C2733: 's68000setcounter' : second C linkage of overloaded function not allowed (..\vm\sprite.cpp) [c:\sw\XM62022\00proj.vc7\XM6.vcxproj]
c:\sw\xm62022\vm\cpu.h(25): error C2556: 'DWORD s68000getcounter(void)' : overloaded function differs only by return type from 'unsigned int s68000getcounter(void)' (..\vm\sasi.cpp) [c:\sw\XM62022\00proj.vc7\XM6.vcxproj]
c:\sw\xm62022\vm\cpu.h(25): error C2371: 's68000getcounter' : redefinition; different basic types (..\vm\sasi.cpp) [c:\sw\XM62022\00proj.vc7\XM6.vcxproj]
c:\sw\xm62022\vm\cpu.h(27): error C2733: 's68000setcounter' : second C linkage of overloaded function not allowed (..\vm\sasi.cpp) [c:\sw\XM62022\00proj.vc7\XM6.vcxproj]
c:\sw\xm62022\vm\schedule.h(24): error C2371: 's68000iocycle' : redefinition; different basic types (..\vm\sysport.cpp) [c:\sw\XM62022\00proj.vc7\XM6.vcxproj]
c:\sw\xm62022\vm\cpu.h(25): error C2556: 'DWORD s68000getcounter(void)' : overloaded function differs only by return type from 'unsigned int s68000getcounter(void)' (..\vm\sysport.cpp) [c:\sw\XM62022\00proj.vc7\XM6.vcxproj]
c:\sw\xm62022\vm\cpu.h(25): error C2371: 's68000getcounter' : redefinition; different basic types (..\vm\sysport.cpp) [c:\sw\XM62022\00proj.vc7\XM6.vcxproj]
c:\sw\xm62022\vm\cpu.h(27): error C2733: 's68000setcounter' : second C linkage of overloaded function not allowed (..\vm\sysport.cpp) [c:\sw\XM62022\00proj.vc7\XM6.vcxproj]
c:\sw\xm62022\vm\schedule.h(24): error C2371: 's68000iocycle' : redefinition; different basic types (..\vm\vc.cpp) [c:\sw\XM62022\00proj.vc7\XM6.vcxproj]
c:\sw\xm62022\vm\cpu.h(25): error C2556: 'DWORD s68000getcounter(void)' : overloaded function differs only by return type from 'unsigned int s68000getcounter(void)' (..\vm\vc.cpp) [c:\sw\XM62022\00proj.vc7\XM6.vcxproj]
c:\sw\xm62022\vm\cpu.h(25): error C2371: 's68000getcounter' : redefinition; different basic types (..\vm\vc.cpp) [c:\sw\XM62022\00proj.vc7\XM6.vcxproj]
c:\sw\xm62022\vm\cpu.h(27): error C2733: 's68000setcounter' : second C linkage of overloaded function not allowed (..\vm\vc.cpp) [c:\sw\XM62022\00proj.vc7\XM6.vcxproj]
c:\sw\xm62022\vm\schedule.h(24): error C2371: 's68000iocycle' : redefinition; different basic types (..\vm\windrv.cpp) [c:\sw\XM62022\00proj.vc7\XM6.vcxproj]
c:\sw\xm62022\vm\cpu.h(25): error C2556: 'DWORD s68000getcounter(void)' : overloaded function differs only by return type from 'unsigned int s68000getcounter(void)' (..\vm\windrv.cpp) [c:\sw\XM62022\00proj.vc7\XM6.vcxproj]
c:\sw\xm62022\vm\cpu.h(25): error C2371: 's68000getcounter' : redefinition; different basic types (..\vm\windrv.cpp) [c:\sw\XM62022\00proj.vc7\XM6.vcxproj]
c:\sw\xm62022\vm\cpu.h(27): error C2733: 's68000setcounter' : second C linkage of overloaded function not allowed (..\vm\windrv.cpp) [c:\sw\XM62022\00proj.vc7\XM6.vcxproj]
c:\sw\xm62022\vm\schedule.h(24): error C2371: 's68000iocycle' : redefinition; different basic types (..\vm\vm.cpp) [c:\sw\XM62022\00proj.vc7\XM6.vcxproj]
c:\sw\xm62022\vm\cpu.h(25): error C2556: 'DWORD s68000getcounter(void)' : overloaded function differs only by return type from 'unsigned int s68000getcounter(void)' (..\vm\vm.cpp) [c:\sw\XM62022\00proj.vc7\XM6.vcxproj]
c:\sw\xm62022\vm\cpu.h(25): error C2371: 's68000getcounter' : redefinition; different basic types (..\vm\vm.cpp) [c:\sw\XM62022\00proj.vc7\XM6.vcxproj]
c:\sw\xm62022\vm\cpu.h(27): error C2733: 's68000setcounter' : second C linkage of overloaded function not allowed (..\vm\vm.cpp) [c:\sw\XM62022\00proj.vc7\XM6.vcxproj]
c:\sw\xm62022\vm\schedule.h(24): error C2371: 's68000iocycle' : redefinition; different basic types (..\mfc\mfc_dev.cpp) [c:\sw\XM62022\00proj.vc7\XM6.vcxproj]
c:\sw\xm62022\vm\schedule.h(24): error C2371: 's68000iocycle' : redefinition; different basic types (..\mfc\mfc_frm.cpp) [c:\sw\XM62022\00proj.vc7\XM6.vcxproj]
c:\sw\xm62022\vm\cpu.h(25): error C2556: 'DWORD s68000getcounter(void)' : overloaded function differs only by return type from 'unsigned int s68000getcounter(void)' (..\mfc\mfc_dev.cpp) [c:\sw\XM62022\00proj.vc7\XM6.vcxproj]
c:\sw\xm62022\vm\cpu.h(25): error C2556: 'DWORD s68000getcounter(void)' : overloaded function differs only by return type from 'unsigned int s68000getcounter(void)' (..\mfc\mfc_frm.cpp) [c:\sw\XM62022\00proj.vc7\XM6.vcxproj]
c:\sw\xm62022\vm\cpu.h(25): error C2371: 's68000getcounter' : redefinition; different basic types (..\mfc\mfc_dev.cpp) [c:\sw\XM62022\00proj.vc7\XM6.vcxproj]
c:\sw\xm62022\vm\cpu.h(25): error C2371: 's68000getcounter' : redefinition; different basic types (..\mfc\mfc_frm.cpp) [c:\sw\XM62022\00proj.vc7\XM6.vcxproj]
c:\sw\xm62022\vm\schedule.h(24): error C2371: 's68000iocycle' : redefinition; different basic types (..\mfc\mfc_cfg.cpp) [c:\sw\XM62022\00proj.vc7\XM6.vcxproj]
c:\sw\xm62022\vm\cpu.h(27): error C2733: 's68000setcounter' : second C linkage of overloaded function not allowed (..\mfc\mfc_dev.cpp) [c:\sw\XM62022\00proj.vc7\XM6.vcxproj]
c:\sw\xm62022\vm\cpu.h(27): error C2733: 's68000setcounter' : second C linkage of overloaded function not allowed (..\mfc\mfc_frm.cpp) [c:\sw\XM62022\00proj.vc7\XM6.vcxproj]
c:\sw\xm62022\vm\schedule.h(24): error C2371: 's68000iocycle' : redefinition; different basic types (..\mfc\mfc_cpu.cpp) [c:\sw\XM62022\00proj.vc7\XM6.vcxproj]
c:\sw\xm62022\vm\cpu.h(25): error C2556: 'DWORD s68000getcounter(void)' : overloaded function differs only by return type from 'unsigned int s68000getcounter(void)' (..\mfc\mfc_cfg.cpp) [c:\sw\XM62022\00proj.vc7\XM6.vcxproj]
c:\sw\xm62022\vm\cpu.h(25): error C2371: 's68000getcounter' : redefinition; different basic types (..\mfc\mfc_cfg.cpp) [c:\sw\XM62022\00proj.vc7\XM6.vcxproj]
c:\sw\xm62022\vm\cpu.h(27): error C2733: 's68000setcounter' : second C linkage of overloaded function not allowed (..\mfc\mfc_cfg.cpp) [c:\sw\XM62022\00proj.vc7\XM6.vcxproj]
c:\sw\xm62022\vm\cpu.h(25): error C2556: 'DWORD s68000getcounter(void)' : overloaded function differs only by return type from 'unsigned int s68000getcounter(void)' (..\mfc\mfc_cpu.cpp) [c:\sw\XM62022\00proj.vc7\XM6.vcxproj]
c:\sw\xm62022\vm\cpu.h(25): error C2371: 's68000getcounter' : redefinition; different basic types (..\mfc\mfc_cpu.cpp) [c:\sw\XM62022\00proj.vc7\XM6.vcxproj]
c:\sw\xm62022\vm\cpu.h(27): error C2733: 's68000setcounter' : second C linkage of overloaded function not allowed (..\mfc\mfc_cpu.cpp) [c:\sw\XM62022\00proj.vc7\XM6.vcxproj]
c:\sw\xm62022\vm\schedule.h(24): error C2371: 's68000iocycle' : redefinition; different basic types (..\mfc\mfc_cmd.cpp) [c:\sw\XM62022\00proj.vc7\XM6.vcxproj]
c:\sw\xm62022\vm\cpu.h(25): error C2556: 'DWORD s68000getcounter(void)' : overloaded function differs only by return type from 'unsigned int s68000getcounter(void)' (..\mfc\mfc_cmd.cpp) [c:\sw\XM62022\00proj.vc7\XM6.vcxproj]
c:\sw\xm62022\vm\cpu.h(25): error C2371: 's68000getcounter' : redefinition; different basic types (..\mfc\mfc_cmd.cpp) [c:\sw\XM62022\00proj.vc7\XM6.vcxproj]
c:\sw\xm62022\vm\cpu.h(27): error C2733: 's68000setcounter' : second C linkage of overloaded function not allowed (..\mfc\mfc_cmd.cpp) [c:\sw\XM62022\00proj.vc7\XM6.vcxproj]
c:\sw\xm62022\vm\schedule.h(24): error C2371: 's68000iocycle' : redefinition; different basic types (..\mfc\mfc_draw.cpp) [c:\sw\XM62022\00proj.vc7\XM6.vcxproj]
c:\sw\xm62022\vm\cpu.h(25): error C2556: 'DWORD s68000getcounter(void)' : overloaded function differs only by return type from 'unsigned int s68000getcounter(void)' (..\mfc\mfc_draw.cpp) [c:\sw\XM62022\00proj.vc7\XM6.vcxproj]
c:\sw\xm62022\vm\cpu.h(25): error C2371: 's68000getcounter' : redefinition; different basic types (..\mfc\mfc_draw.cpp) [c:\sw\XM62022\00proj.vc7\XM6.vcxproj]
c:\sw\xm62022\vm\cpu.h(27): error C2733: 's68000setcounter' : second C linkage of overloaded function not allowed (..\mfc\mfc_draw.cpp) [c:\sw\XM62022\00proj.vc7\XM6.vcxproj]
c:\sw\xm62022\vm\schedule.h(24): error C2371: 's68000iocycle' : redefinition; different basic types (..\mfc\mfc_inp.cpp) [c:\sw\XM62022\00proj.vc7\XM6.vcxproj]
c:\sw\xm62022\vm\cpu.h(25): error C2556: 'DWORD s68000getcounter(void)' : overloaded function differs only by return type from 'unsigned int s68000getcounter(void)' (..\mfc\mfc_inp.cpp) [c:\sw\XM62022\00proj.vc7\XM6.vcxproj]
c:\sw\xm62022\vm\cpu.h(25): error C2371: 's68000getcounter' : redefinition; different basic types (..\mfc\mfc_inp.cpp) [c:\sw\XM62022\00proj.vc7\XM6.vcxproj]
c:\sw\xm62022\vm\cpu.h(27): error C2733: 's68000setcounter' : second C linkage of overloaded function not allowed (..\mfc\mfc_inp.cpp) [c:\sw\XM62022\00proj.vc7\XM6.vcxproj]
c:\sw\xm62022\vm\schedule.h(24): error C2371: 's68000iocycle' : redefinition; different basic types (..\mfc\mfc_host.cpp) [c:\sw\XM62022\00proj.vc7\XM6.vcxproj]
c:\sw\xm62022\vm\cpu.h(25): error C2556: 'DWORD s68000getcounter(void)' : overloaded function differs only by return type from 'unsigned int s68000getcounter(void)' (..\mfc\mfc_host.cpp) [c:\sw\XM62022\00proj.vc7\XM6.vcxproj]
c:\sw\xm62022\vm\cpu.h(25): error C2371: 's68000getcounter' : redefinition; different basic types (..\mfc\mfc_host.cpp) [c:\sw\XM62022\00proj.vc7\XM6.vcxproj]
c:\sw\xm62022\vm\cpu.h(27): error C2733: 's68000setcounter' : second C linkage of overloaded function not allowed (..\mfc\mfc_host.cpp) [c:\sw\XM62022\00proj.vc7\XM6.vcxproj]
c:\sw\xm62022\vm\schedule.h(24): error C2371: 's68000iocycle' : redefinition; different basic types (..\mfc\mfc_info.cpp) [c:\sw\XM62022\00proj.vc7\XM6.vcxproj]
c:\sw\xm62022\vm\cpu.h(25): error C2556: 'DWORD s68000getcounter(void)' : overloaded function differs only by return type from 'unsigned int s68000getcounter(void)' (..\mfc\mfc_info.cpp) [c:\sw\XM62022\00proj.vc7\XM6.vcxproj]
c:\sw\xm62022\vm\cpu.h(25): error C2371: 's68000getcounter' : redefinition; different basic types (..\mfc\mfc_info.cpp) [c:\sw\XM62022\00proj.vc7\XM6.vcxproj]
c:\sw\xm62022\vm\cpu.h(27): error C2733: 's68000setcounter' : second C linkage of overloaded function not allowed (..\mfc\mfc_info.cpp) [c:\sw\XM62022\00proj.vc7\XM6.vcxproj]
c:\sw\xm62022\vm\schedule.h(24): error C2371: 's68000iocycle' : redefinition; different basic types (..\mfc\mfc_port.cpp) [c:\sw\XM62022\00proj.vc7\XM6.vcxproj]
c:\sw\xm62022\vm\cpu.h(25): error C2556: 'DWORD s68000getcounter(void)' : overloaded function differs only by return type from 'unsigned int s68000getcounter(void)' (..\mfc\mfc_port.cpp) [c:\sw\XM62022\00proj.vc7\XM6.vcxproj]
c:\sw\xm62022\vm\cpu.h(25): error C2371: 's68000getcounter' : redefinition; different basic types (..\mfc\mfc_port.cpp) [c:\sw\XM62022\00proj.vc7\XM6.vcxproj]
c:\sw\xm62022\vm\cpu.h(27): error C2733: 's68000setcounter' : second C linkage of overloaded function not allowed (..\mfc\mfc_port.cpp) [c:\sw\XM62022\00proj.vc7\XM6.vcxproj]
c:\sw\xm62022\vm\schedule.h(24): error C2371: 's68000iocycle' : redefinition; different basic types (..\mfc\mfc_midi.cpp) [c:\sw\XM62022\00proj.vc7\XM6.vcxproj]
c:\sw\xm62022\vm\cpu.h(25): error C2556: 'DWORD s68000getcounter(void)' : overloaded function differs only by return type from 'unsigned int s68000getcounter(void)' (..\mfc\mfc_midi.cpp) [c:\sw\XM62022\00proj.vc7\XM6.vcxproj]
c:\sw\xm62022\vm\cpu.h(25): error C2371: 's68000getcounter' : redefinition; different basic types (..\mfc\mfc_midi.cpp) [c:\sw\XM62022\00proj.vc7\XM6.vcxproj]
c:\sw\xm62022\vm\cpu.h(27): error C2733: 's68000setcounter' : second C linkage of overloaded function not allowed (..\mfc\mfc_midi.cpp) [c:\sw\XM62022\00proj.vc7\XM6.vcxproj]
c:\sw\xm62022\vm\schedule.h(24): error C2371: 's68000iocycle' : redefinition; different basic types (..\mfc\mfc_rend.cpp) [c:\sw\XM62022\00proj.vc7\XM6.vcxproj]
c:\sw\xm62022\vm\cpu.h(25): error C2556: 'DWORD s68000getcounter(void)' : overloaded function differs only by return type from 'unsigned int s68000getcounter(void)' (..\mfc\mfc_rend.cpp) [c:\sw\XM62022\00proj.vc7\XM6.vcxproj]
c:\sw\xm62022\vm\cpu.h(25): error C2371: 's68000getcounter' : redefinition; different basic types (..\mfc\mfc_rend.cpp) [c:\sw\XM62022\00proj.vc7\XM6.vcxproj]
c:\sw\xm62022\vm\cpu.h(27): error C2733: 's68000setcounter' : second C linkage of overloaded function not allowed (..\mfc\mfc_rend.cpp) [c:\sw\XM62022\00proj.vc7\XM6.vcxproj]
c:\sw\xm62022\vm\schedule.h(24): error C2371: 's68000iocycle' : redefinition; different basic types (..\mfc\mfc_snd.cpp) [c:\sw\XM62022\00proj.vc7\XM6.vcxproj]
c:\sw\xm62022\vm\schedule.h(24): error C2371: 's68000iocycle' : redefinition; different basic types (..\mfc\mfc_stat.cpp) [c:\sw\XM62022\00proj.vc7\XM6.vcxproj]
c:\sw\xm62022\vm\cpu.h(25): error C2556: 'DWORD s68000getcounter(void)' : overloaded function differs only by return type from 'unsigned int s68000getcounter(void)' (..\mfc\mfc_snd.cpp) [c:\sw\XM62022\00proj.vc7\XM6.vcxproj]
c:\sw\xm62022\vm\cpu.h(25): error C2371: 's68000getcounter' : redefinition; different basic types (..\mfc\mfc_snd.cpp) [c:\sw\XM62022\00proj.vc7\XM6.vcxproj]
c:\sw\xm62022\vm\cpu.h(27): error C2733: 's68000setcounter' : second C linkage of overloaded function not allowed (..\mfc\mfc_snd.cpp) [c:\sw\XM62022\00proj.vc7\XM6.vcxproj]
c:\sw\xm62022\vm\cpu.h(25): error C2556: 'DWORD s68000getcounter(void)' : overloaded function differs only by return type from 'unsigned int s68000getcounter(void)' (..\mfc\mfc_stat.cpp) [c:\sw\XM62022\00proj.vc7\XM6.vcxproj]
c:\sw\xm62022\vm\cpu.h(25): error C2371: 's68000getcounter' : redefinition; different basic types (..\mfc\mfc_stat.cpp) [c:\sw\XM62022\00proj.vc7\XM6.vcxproj]
c:\sw\xm62022\vm\cpu.h(27): error C2733: 's68000setcounter' : second C linkage of overloaded function not allowed (..\mfc\mfc_stat.cpp) [c:\sw\XM62022\00proj.vc7\XM6.vcxproj]
c:\sw\xm62022\vm\schedule.h(24): error C2371: 's68000iocycle' : redefinition; different basic types (..\mfc\mfc_sch.cpp) [c:\sw\XM62022\00proj.vc7\XM6.vcxproj]
c:\sw\xm62022\vm\cpu.h(25): error C2556: 'DWORD s68000getcounter(void)' : overloaded function differs only by return type from 'unsigned int s68000getcounter(void)' (..\mfc\mfc_sch.cpp) [c:\sw\XM62022\00proj.vc7\XM6.vcxproj]
c:\sw\xm62022\vm\cpu.h(25): error C2371: 's68000getcounter' : redefinition; different basic types (..\mfc\mfc_sch.cpp) [c:\sw\XM62022\00proj.vc7\XM6.vcxproj]
c:\sw\xm62022\vm\cpu.h(27): error C2733: 's68000setcounter' : second C linkage of overloaded function not allowed (..\mfc\mfc_sch.cpp) [c:\sw\XM62022\00proj.vc7\XM6.vcxproj]
c:\sw\xm62022\vm\schedule.h(24): error C2371: 's68000iocycle' : redefinition; different basic types (..\mfc\mfc_ver.cpp) [c:\sw\XM62022\00proj.vc7\XM6.vcxproj]
c:\sw\xm62022\vm\cpu.h(25): error C2556: 'DWORD s68000getcounter(void)' : overloaded function differs only by return type from 'unsigned int s68000getcounter(void)' (..\mfc\mfc_ver.cpp) [c:\sw\XM62022\00proj.vc7\XM6.vcxproj]
c:\sw\xm62022\vm\schedule.h(24): error C2371: 's68000iocycle' : redefinition; different basic types (..\mfc\mfc_tool.cpp) [c:\sw\XM62022\00proj.vc7\XM6.vcxproj]
c:\sw\xm62022\vm\cpu.h(25): error C2371: 's68000getcounter' : redefinition; different basic types (..\mfc\mfc_ver.cpp) [c:\sw\XM62022\00proj.vc7\XM6.vcxproj]
c:\sw\xm62022\vm\cpu.h(27): error C2733: 's68000setcounter' : second C linkage of overloaded function not allowed (..\mfc\mfc_ver.cpp) [c:\sw\XM62022\00proj.vc7\XM6.vcxproj]
c:\sw\xm62022\vm\cpu.h(25): error C2556: 'DWORD s68000getcounter(void)' : overloaded function differs only by return type from 'unsigned int s68000getcounter(void)' (..\mfc\mfc_tool.cpp) [c:\sw\XM62022\00proj.vc7\XM6.vcxproj]
c:\sw\xm62022\vm\cpu.h(25): error C2371: 's68000getcounter' : redefinition; different basic types (..\mfc\mfc_tool.cpp) [c:\sw\XM62022\00proj.vc7\XM6.vcxproj]
c:\sw\xm62022\vm\schedule.h(24): error C2371: 's68000iocycle' : redefinition; different basic types (..\mfc\mfc_tkey.cpp) [c:\sw\XM62022\00proj.vc7\XM6.vcxproj]
c:\sw\xm62022\vm\cpu.h(27): error C2733: 's68000setcounter' : second C linkage of overloaded function not allowed (..\mfc\mfc_tool.cpp) [c:\sw\XM62022\00proj.vc7\XM6.vcxproj]
c:\sw\xm62022\vm\schedule.h(24): error C2371: 's68000iocycle' : redefinition; different basic types (..\mfc\mfc_sys.cpp) [c:\sw\XM62022\00proj.vc7\XM6.vcxproj]
c:\sw\xm62022\vm\cpu.h(25): error C2556: 'DWORD s68000getcounter(void)' : overloaded function differs only by return type from 'unsigned int s68000getcounter(void)' (..\mfc\mfc_tkey.cpp) [c:\sw\XM62022\00proj.vc7\XM6.vcxproj]
c:\sw\xm62022\vm\cpu.h(25): error C2371: 's68000getcounter' : redefinition; different basic types (..\mfc\mfc_tkey.cpp) [c:\sw\XM62022\00proj.vc7\XM6.vcxproj]
c:\sw\xm62022\vm\cpu.h(27): error C2733: 's68000setcounter' : second C linkage of overloaded function not allowed (..\mfc\mfc_tkey.cpp) [c:\sw\XM62022\00proj.vc7\XM6.vcxproj]
c:\sw\xm62022\vm\cpu.h(25): error C2556: 'DWORD s68000getcounter(void)' : overloaded function differs only by return type from 'unsigned int s68000getcounter(void)' (..\mfc\mfc_sys.cpp) [c:\sw\XM62022\00proj.vc7\XM6.vcxproj]
c:\sw\xm62022\vm\cpu.h(25): error C2371: 's68000getcounter' : redefinition; different basic types (..\mfc\mfc_sys.cpp) [c:\sw\XM62022\00proj.vc7\XM6.vcxproj]
c:\sw\xm62022\vm\cpu.h(27): error C2733: 's68000setcounter' : second C linkage of overloaded function not allowed (..\mfc\mfc_sys.cpp) [c:\sw\XM62022\00proj.vc7\XM6.vcxproj]
c:\sw\xm62022\vm\schedule.h(24): error C2371: 's68000iocycle' : redefinition; different basic types (..\mfc\mfc_vid.cpp) [c:\sw\XM62022\00proj.vc7\XM6.vcxproj]
c:\sw\xm62022\vm\cpu.h(25): error C2556: 'DWORD s68000getcounter(void)' : overloaded function differs only by return type from 'unsigned int s68000getcounter(void)' (..\mfc\mfc_vid.cpp) [c:\sw\XM62022\00proj.vc7\XM6.vcxproj]
c:\sw\xm62022\vm\cpu.h(25): error C2371: 's68000getcounter' : redefinition; different basic types (..\mfc\mfc_vid.cpp) [c:\sw\XM62022\00proj.vc7\XM6.vcxproj]
c:\sw\xm62022\vm\cpu.h(27): error C2733: 's68000setcounter' : second C linkage of overloaded function not allowed (..\mfc\mfc_vid.cpp) [c:\sw\XM62022\00proj.vc7\XM6.vcxproj]
c:\sw\xm62022\vm\schedule.h(24): error C2371: 's68000iocycle' : redefinition; different basic types (..\mfc\mfc_w32.cpp) [c:\sw\XM62022\00proj.vc7\XM6.vcxproj]
c:\sw\xm62022\vm\cpu.h(25): error C2556: 'DWORD s68000getcounter(void)' : overloaded function differs only by return type from 'unsigned int s68000getcounter(void)' (..\mfc\mfc_w32.cpp) [c:\sw\XM62022\00proj.vc7\XM6.vcxproj]
c:\sw\xm62022\vm\cpu.h(25): error C2371: 's68000getcounter' : redefinition; different basic types (..\mfc\mfc_w32.cpp) [c:\sw\XM62022\00proj.vc7\XM6.vcxproj]
c:\sw\xm62022\vm\cpu.h(27): error C2733: 's68000setcounter' : second C linkage of overloaded function not allowed (..\mfc\mfc_w32.cpp) [c:\sw\XM62022\00proj.vc7\XM6.vcxproj]
